 *
 * This is CONCEPT back end, Version 10.0
 *       Single Processor Version
 * (c) Copyright 1984-2011 TUHH E-18
 *
  
  
   The current data file  
   =====================
  
1.1  characterization of the structure                                          
 Testcube - V0 mesh                                                             
2.1   symmetry with respect to the xz plane, yz plane or both                   
     0                                                                          
2.2   number of wires, id. ground, segments per wavelength, coating             
     2     0     8     0                                                        
2.30  wire 1   : coordinates                                                    
    0.0000     0.0000 0.5000         0.0000     0.0000     1.5000               
2.31  wire 1   : radius, no. of basis functions, RB, EP, MY                     
    1.0000    3                                                                 
2.30  wire 2   : coordinates                                                    
    0.0000 0.5000         0.0000     0.0000     1.5000     0.0000               
2.31  wire 2   : radius, no. of basis functions, RB, EP, MY                     
    1.0000    3                                                                 
2.6   check wire grid                                                           
     1                                                                          
3.1  print of currents                                                          
     1                                                                          
3.2  excitation                                                                 
     1                                                                          
3.3  generator position, internal resistance (excitation=1)                     
m1       0.000                                                                  
4.1  representation of frequency(ies) (1-6)                                     
     1                                                                          
4.2  basic frequency                                                            
 2.0000000                                                                      
5.1  skin effect (1/0)                                                          
     1                                                                          
5.2  number: conductivity value(s), observation point(s) E tang                 
     1     0                                                                    
5.3  conductivity value(s) in S/m (max. 3 per line)                             
 0.5000E+08                                                                     
5.4  conductivity domain(s)                                                     
        2                                                                       
6.1  number of load impedances                                                  
     0                                                                          
7.1  current distribution on wires                                              
     0                                                                          
7.3  number of currents at discrete points                                      
     0                                                                          
9.0  rcs (0/1)                                                                  
     0                                                                          
9.1  number of field points                                                     
     0                                                                          
10.3  total number of "cable wires"                                             
     0                                                                          
11.1  surface currents (0/1/2/3/4)                                              
     1                                                                          
11.10 check surface grid (0/1)                                                  
     1                                                                          
11.11 physical optics (0/1)                                                     
     0                                                                          
12.1  direct:11,12,13 spec. direct solv.:21,22 iter. solver:31,32,33 aca/svd:41 
    12                                                                          
  
  
  
  Wire types computed by the program: 
  ===========================================
  
  wire number:       1 ,  identification:      15
  wire number:       2 ,  identification:      15
  
  
  
 Wire data
 =========
  
 Connections at the bottom with other and image wires
 -> 0 will be printed.
 Pos. direction of current flow away from node point (kinks).
 -> neg. wire number
 Pos. direction of current flow towards the node point 
 -> pos. wire number
 Connection with surface patch
 -> 55000+number of surface patch is printed
 Wire number:            1
 
 ---------------------------------------------------------------------
      Xa          Ya           Za         Xe          Ye           Ze
     0.000       0.000      0.5000       0.000       0.000       1.500    
 Radius (mm):  1.000       ; no. of basisf. :   3   ; length (m):   1.000    
 Wire number(s) of the connection(s) at the beginning :     10000013
 No connection at the end
  
 Wire number:            2
 
 ---------------------------------------------------------------------
      Xa          Ya           Za         Xe          Ye           Ze
     0.000      0.5000       0.000       0.000       1.500       0.000    
 Radius (mm):  1.000       ; no. of basisf. :   3   ; length (m):   1.000    
 Wire number(s) of the connection(s) at the beginning :     10000001
 No connection at the end
  
 

  Frequency of step:     1           0.20000E+01 MHz; 
  Total number of wire current amplitudes:            6
  Total number of patch current amplitudes:           44
  Total number of unknowns:           50
  
  Generator at the middle of wire   1
  ------------------------------------
  
                          Real part    imag. part      magnitude     phase (degrees)
  Input impedance (Ohm): 0.73699E-01 -0.17120E+05  0.17120E+05 -0.90000E+02

  Internal resist.:   0.0000000E+00  +j   0.0000000E+00  Ohm
  
  Input power:   1.2571888E-10  Watt
  
 
  Current distribution on   1. wire in A (  3 current functions)
  ------------------------------------------------------------
    Real part       imag. part      magnitude     phase (degees)  wire coord. (m)   
  0.30786E-09     0.54848E-04     0.54848E-04     0.90000E+02   0.25000E+00
  0.25144E-09     0.58410E-04     0.58410E-04     0.90000E+02   0.50000E+00
  0.14645E-09     0.28965E-04     0.28965E-04     0.90000E+02   0.75000E+00
 
  Current distribution on   2. wire in A (  3 current functions)
  ------------------------------------------------------------
    Real part       imag. part      magnitude     phase (degees)  wire coord. (m)   
 -0.16399E-10    -0.16150E-05     0.16150E-05    -0.90001E+02   0.25000E+00
 -0.12825E-10    -0.12317E-05     0.12317E-05    -0.90001E+02   0.50000E+00
 -0.73068E-11    -0.68690E-06     0.68690E-06    -0.90001E+02   0.75000E+00
  
  
                          Surface currents (A/m)
                          ----------------------
        Element no.       real part       imag. part     magnitude     phase (degrees)
  
                          Space number:            0
  
     1    25 =>    13  -0.23115E-10     -0.13773E-04    0.13773E-04   -0.90000E+02 Current in A  
     2    25 =>    14  -0.14881E-09     -0.13235E-04    0.13235E-04   -0.90001E+02 Current in A  
     3    25 =>    15  -0.23115E-10     -0.13773E-04    0.13773E-04   -0.90000E+02 Current in A  
     4    25 =>    16  -0.11977E-09     -0.13372E-04    0.13372E-04   -0.90001E+02 Current in A  
     5    26 =>     1  -0.10350E-09     -0.12024E-05    0.12024E-05   -0.90005E+02 Current in A  
     6    26 =>     2   0.17041E-09      0.27651E-05    0.27651E-05    0.89996E+02 Current in A  
     7    26 =>     3  -0.22014E-09     -0.25994E-05    0.25994E-05   -0.90005E+02 Current in A  
     8    26 =>     4   0.17041E-09      0.27651E-05    0.27651E-05    0.89996E+02 Current in A  
     9    24 =>    23   0.32077E-09      0.42797E-05    0.42797E-05    0.89996E+02               
    10    24 =>     2  -0.17385E-09      0.16895E-06    0.16895E-06    0.90059E+02               
    11    24 =>    21  -0.60070E-10     -0.21400E-05    0.21400E-05   -0.90002E+02               
    12    23 =>    15   0.29527E-09      0.84946E-05    0.84946E-05    0.89998E+02               
    13    23 =>    22  -0.19004E-09     -0.44486E-05    0.44486E-05   -0.90002E+02               
    14    22 =>    20  -0.94876E-11      0.64036E-07    0.64036E-07    0.90008E+02               
    15    22 =>    21  -0.16726E-09     -0.21311E-05    0.21311E-05   -0.90004E+02               
    16    21 =>     6  -0.76018E-10     -0.15723E-05    0.15723E-05   -0.90003E+02               
    17    20 =>    19   0.15759E-09      0.45498E-05    0.45498E-05    0.89998E+02               
    18    20 =>    17  -0.16376E-09     -0.20473E-05    0.20473E-05   -0.90005E+02               
    19    19 =>    16   0.15348E-09      0.87661E-05    0.87661E-05    0.89999E+02               
    20    19 =>    18  -0.15759E-09     -0.45498E-05    0.45498E-05   -0.90002E+02               
    21    18 =>     9   0.94876E-11     -0.64036E-07    0.64036E-07   -0.89992E+02               
    22    18 =>    17  -0.16376E-09     -0.20473E-05    0.20473E-05   -0.90005E+02               
    23    17 =>     5  -0.15032E-09     -0.14385E-05    0.14385E-05   -0.90006E+02               
    24    16 =>    13  -0.49820E-10      0.95869E-07    0.95869E-07    0.90030E+02               
    25    16 =>    15  -0.49820E-10      0.95869E-07    0.95869E-07    0.90030E+02               
    26    15 =>    14   0.19052E-09     -0.67248E-06    0.67248E-06   -0.89984E+02               
    27    14 =>     3   0.20242E-10     -0.94648E-05    0.94648E-05   -0.90000E+02               
    28    14 =>    13  -0.19052E-09      0.67248E-06    0.67248E-06    0.90016E+02               
    29    13 =>    12  -0.29527E-09     -0.84946E-05    0.84946E-05   -0.90002E+02               
    30    12 =>     9  -0.19004E-09     -0.44486E-05    0.44486E-05   -0.90002E+02               
    31    12 =>    11  -0.32077E-09     -0.42797E-05    0.42797E-05   -0.90004E+02               
    32    11 =>     4  -0.17385E-09      0.16895E-06    0.16895E-06    0.90059E+02               
    33    11 =>    10  -0.60070E-10     -0.21400E-05    0.21400E-05   -0.90002E+02               
    34    10 =>     8  -0.76018E-10     -0.15723E-05    0.15723E-05   -0.90003E+02               
    35    10 =>     9   0.16726E-09      0.21311E-05    0.21311E-05    0.89996E+02               
    36     8 =>     7   0.86200E-10     -0.35373E-06    0.35373E-06   -0.89986E+02               
    37     8 =>     5   0.72266E-11      0.51848E-07    0.51848E-07    0.89992E+02               
    38     7 =>     6  -0.86200E-10      0.35373E-06    0.35373E-06    0.90014E+02               
    39     7 =>     1   0.26587E-09      0.84415E-06    0.84415E-06    0.89982E+02               
    40     6 =>     5   0.72266E-11      0.51848E-07    0.51848E-07    0.89992E+02               
    41     4 =>     1  -0.17621E-09     -0.66290E-06    0.66290E-06   -0.90015E+02               
    42     4 =>     3   0.18646E-09      0.69959E-05    0.69959E-05    0.89998E+02               
    43     3 =>     2  -0.18646E-09     -0.69959E-05    0.69959E-05   -0.90002E+02               
    44     2 =>     1  -0.17621E-09     -0.66290E-06    0.66290E-06   -0.90015E+02               
  
  
                         Normal component of E
                         ---------------------
    Number    real part      imag. part      magnitude     phase (degrees)
  
                         Space number:            0
  
     1     -0.46581E-01     0.31217E-05     0.46581E-01     0.18000E+03
     2     -0.55509E-01     0.38441E-06     0.55509E-01     0.18000E+03
     3     -0.78031E-01    -0.22936E-05     0.78031E-01    -0.18000E+03
     4     -0.55509E-01     0.38441E-06     0.55509E-01     0.18000E+03
     5     -0.49080E-01     0.50367E-05     0.49080E-01     0.17999E+03
     6     -0.48852E-01     0.51078E-05     0.48852E-01     0.17999E+03
     7     -0.48331E-01     0.51755E-05     0.48331E-01     0.17999E+03
     8     -0.48852E-01     0.51078E-05     0.48852E-01     0.17999E+03
     9     -0.61214E-01     0.23794E-06     0.61214E-01     0.18000E+03
    10     -0.52050E-01     0.30461E-05     0.52050E-01     0.18000E+03
    11     -0.60466E-01     0.37710E-06     0.60466E-01     0.18000E+03
    12     -0.83503E-01    -0.23700E-05     0.83503E-01    -0.18000E+03
    13     -0.17024E+00    -0.36746E-05     0.17024E+00    -0.18000E+03
    14     -0.16973E+00    -0.36087E-05     0.16973E+00    -0.18000E+03
    15     -0.17024E+00    -0.36746E-05     0.17024E+00    -0.18000E+03
    16     -0.17047E+00    -0.37445E-05     0.17047E+00    -0.18000E+03
    17     -0.52373E-01     0.29217E-05     0.52373E-01     0.18000E+03
    18     -0.61311E-01     0.18415E-06     0.61311E-01     0.18000E+03
    19     -0.83827E-01    -0.24944E-05     0.83827E-01    -0.18000E+03
    20     -0.61311E-01     0.18415E-06     0.61311E-01     0.18000E+03
    21     -0.52050E-01     0.30461E-05     0.52050E-01     0.18000E+03
    22     -0.61214E-01     0.23794E-06     0.61214E-01     0.18000E+03
    23     -0.83503E-01    -0.23700E-05     0.83503E-01    -0.18000E+03
    24     -0.60466E-01     0.37710E-06     0.60466E-01     0.18000E+03
 
 CONCEPT Timings:

 Setup equation system (s)...................            0
 Solve equation system (s)...................            0
 Cleanup (s).................................            0
 
 CONCEPT terminated normally.

