 *
 * This is CONCEPT back end, Version 10.0
 *       Single Processor Version
 * (c) Copyright 1984-2011 TUHH E-18
 *
  
  
   The current data file  
   =====================
  
1.1  characterization of the structure                                          
 Testcube - V0 mesh                                                             
2.1   symmetry with respect to the xz plane, yz plane or both                   
     0                                                                          
2.2   number of wires, id. ground, segments per wavelength, coating             
     2     0     8     0                                                        
2.30  wire 1   : coordinates                                                    
    0.0000     0.0000 0.5000         0.0000     0.0000     1.5000               
2.31  wire 1   : radius, no. of basis functions, RB, EP, MY                     
    1.0000    3                                                                 
2.30  wire 2   : coordinates                                                    
    0.0000 0.5000         0.0000     0.0000     1.5000     0.0000               
2.31  wire 2   : radius, no. of basis functions, RB, EP, MY                     
    1.0000    3                                                                 
2.6   check wire grid                                                           
     1                                                                          
3.1  print of currents                                                          
     1                                                                          
3.2  excitation                                                                 
     1                                                                          
3.3  generator position, internal resistance (excitation=1)                     
m2       0.000                                                                  
4.1  representation of frequency(ies) (1-6)                                     
     1                                                                          
4.2  basic frequency                                                            
 5.0000000                                                                      
5.1  skin effect (1/0)                                                          
     1                                                                          
5.2  number: conductivity value(s), observation point(s) E tang                 
     1     0                                                                    
5.3  conductivity value(s) in S/m (max. 3 per line)                             
 0.5000E+08                                                                     
5.4  conductivity domain(s)                                                     
        2                                                                       
6.1  number of load impedances                                                  
     0                                                                          
7.1  current distribution on wires                                              
     0                                                                          
7.3  number of currents at discrete points                                      
     0                                                                          
9.0  rcs (0/1)                                                                  
     0                                                                          
9.1  number of field points                                                     
     0                                                                          
10.3  total number of "cable wires"                                             
     0                                                                          
11.1  surface currents (0/1/2/3/4)                                              
     1                                                                          
11.10 check surface grid (0/1)                                                  
     1                                                                          
11.11 physical optics (0/1)                                                     
     0                                                                          
12.1  direct:11,12,13 spec. direct solv.:21,22 iter. solver:31,32,33 aca/svd:41 
    12                                                                          
  
  
  
  Wire types computed by the program: 
  ===========================================
  
  wire number:       1 ,  identification:      15
  wire number:       2 ,  identification:      15
  
  
  
 Wire data
 =========
  
 Connections at the bottom with other and image wires
 -> 0 will be printed.
 Pos. direction of current flow away from node point (kinks).
 -> neg. wire number
 Pos. direction of current flow towards the node point 
 -> pos. wire number
 Connection with surface patch
 -> 55000+number of surface patch is printed
 Wire number:            1
 
 ---------------------------------------------------------------------
      Xa          Ya           Za         Xe          Ye           Ze
     0.000       0.000      0.5000       0.000       0.000       1.500    
 Radius (mm):  1.000       ; no. of basisf. :   3   ; length (m):   1.000    
 Wire number(s) of the connection(s) at the beginning :     10000013
 No connection at the end
  
 Wire number:            2
 
 ---------------------------------------------------------------------
      Xa          Ya           Za         Xe          Ye           Ze
     0.000      0.5000       0.000       0.000       1.500       0.000    
 Radius (mm):  1.000       ; no. of basisf. :   3   ; length (m):   1.000    
 Wire number(s) of the connection(s) at the beginning :     10000001
 No connection at the end
  
 

  Frequency of step:     1           0.50000E+01 MHz; 
  Total number of wire current amplitudes:            6
  Total number of patch current amplitudes:           44
  Total number of unknowns:           50
  
  Generator at the middle of wire   2
  ------------------------------------
  
                          Real part    imag. part      magnitude     phase (degrees)
  Input impedance (Ohm): 0.30019E+00 -0.68245E+04  0.68245E+04 -0.89997E+02

  Internal resist.:   0.0000000E+00  +j   0.0000000E+00  Ohm
  
  Input power:   3.2227645E-09  Watt
  
 
  Current distribution on   1. wire in A (  3 current functions)
  ------------------------------------------------------------
    Real part       imag. part      magnitude     phase (degees)  wire coord. (m)   
 -0.43402E-09    -0.40827E-05     0.40827E-05    -0.90006E+02   0.25000E+00
 -0.33881E-09    -0.31140E-05     0.31140E-05    -0.90006E+02   0.50000E+00
 -0.19417E-09    -0.17369E-05     0.17369E-05    -0.90006E+02   0.75000E+00
 
  Current distribution on   2. wire in A (  3 current functions)
  ------------------------------------------------------------
    Real part       imag. part      magnitude     phase (degees)  wire coord. (m)   
  0.80169E-08     0.13776E-03     0.13776E-03     0.89997E+02   0.25000E+00
  0.64455E-08     0.14653E-03     0.14653E-03     0.89997E+02   0.50000E+00
  0.37879E-08     0.72701E-04     0.72701E-04     0.89997E+02   0.75000E+00
  
  
                          Surface currents (A/m)
                          ----------------------
        Element no.       real part       imag. part     magnitude     phase (degrees)
  
                          Space number:            0
  
     1    25 =>    13   0.17503E-08      0.69669E-05    0.69669E-05    0.89986E+02 Current in A  
     2    25 =>    14  -0.27121E-08     -0.65458E-05    0.65458E-05   -0.90024E+02 Current in A  
     3    25 =>    15   0.17503E-08      0.69669E-05    0.69669E-05    0.89986E+02 Current in A  
     4    25 =>    16  -0.32870E-09     -0.30188E-05    0.30188E-05   -0.90006E+02 Current in A  
     5    26 =>     1  -0.23143E-08     -0.33595E-04    0.33595E-04   -0.90004E+02 Current in A  
     6    26 =>     2  -0.18312E-08     -0.34608E-04    0.34608E-04   -0.90003E+02 Current in A  
     7    26 =>     3  -0.24105E-08     -0.33249E-04    0.33249E-04   -0.90004E+02 Current in A  
     8    26 =>     4  -0.18312E-08     -0.34608E-04    0.34608E-04   -0.90003E+02 Current in A  
     9    24 =>    23  -0.74657E-08     -0.10818E-04    0.10818E-04   -0.90040E+02               
    10    24 =>     2   0.71280E-08      0.21405E-04    0.21405E-04    0.89981E+02               
    11    24 =>    21  -0.65062E-08     -0.11239E-04    0.11239E-04   -0.90033E+02               
    12    23 =>    15  -0.11554E-08      0.42081E-06    0.42082E-06    0.90157E+02               
    13    23 =>    22  -0.54025E-08     -0.54286E-05    0.54286E-05   -0.90057E+02               
    14    22 =>    20  -0.51082E-08     -0.39969E-05    0.39969E-05   -0.90073E+02               
    15    22 =>    21   0.64030E-08      0.54116E-05    0.54116E-05    0.89932E+02               
    16    21 =>     6   0.73959E-10      0.16302E-06    0.16302E-06    0.89974E+02               
    17    20 =>    19   0.36053E-09     -0.89384E-06    0.89384E-06   -0.89977E+02               
    18    20 =>    17   0.19214E-09      0.13267E-06    0.13267E-06    0.89917E+02               
    19    19 =>    16   0.60858E-08      0.21593E-05    0.21593E-05    0.89839E+02               
    20    19 =>    18  -0.36053E-09      0.89384E-06    0.89384E-06    0.90023E+02               
    21    18 =>     9   0.51082E-08      0.39969E-05    0.39969E-05    0.89927E+02               
    22    18 =>    17   0.19214E-09      0.13267E-06    0.13267E-06    0.89917E+02               
    23    17 =>     5   0.56914E-08      0.36616E-05    0.36616E-05    0.89911E+02               
    24    16 =>    13   0.64334E-08      0.17166E-05    0.17166E-05    0.89785E+02               
    25    16 =>    15   0.64334E-08      0.17166E-05    0.17166E-05    0.89785E+02               
    26    15 =>    14   0.77377E-08      0.17659E-04    0.17659E-04    0.89975E+02               
    27    14 =>     3   0.55813E-08      0.23853E-04    0.23853E-04    0.89987E+02               
    28    14 =>    13  -0.77377E-08     -0.17659E-04    0.17659E-04   -0.90025E+02               
    29    13 =>    12   0.11554E-08     -0.42081E-06    0.42082E-06   -0.89843E+02               
    30    12 =>     9  -0.54025E-08     -0.54286E-05    0.54286E-05   -0.90057E+02               
    31    12 =>    11   0.74657E-08      0.10818E-04    0.10818E-04    0.89960E+02               
    32    11 =>     4   0.71280E-08      0.21405E-04    0.21405E-04    0.89981E+02               
    33    11 =>    10  -0.65062E-08     -0.11239E-04    0.11239E-04   -0.90033E+02               
    34    10 =>     8   0.73959E-10      0.16302E-06    0.16302E-06    0.89974E+02               
    35    10 =>     9  -0.64030E-08     -0.54116E-05    0.54116E-05   -0.90068E+02               
    36     8 =>     7   0.64459E-08      0.11496E-04    0.11496E-04    0.89968E+02               
    37     8 =>     5  -0.62174E-08     -0.51985E-05    0.51985E-05   -0.90069E+02               
    38     7 =>     6  -0.64459E-08     -0.11496E-04    0.11496E-04   -0.90032E+02               
    39     7 =>     1   0.62262E-08      0.22088E-04    0.22088E-04    0.89984E+02               
    40     6 =>     5  -0.62174E-08     -0.51985E-05    0.51985E-05   -0.90069E+02               
    41     4 =>     1   0.41327E-09     -0.24001E-06    0.24001E-06   -0.89901E+02               
    42     4 =>     3   0.82910E-09     -0.16986E-05    0.16986E-05   -0.89972E+02               
    43     3 =>     2  -0.82910E-09      0.16986E-05    0.16986E-05    0.90028E+02               
    44     2 =>     1   0.41327E-09     -0.24001E-06    0.24001E-06   -0.89901E+02               
  
  
                         Normal component of E
                         ---------------------
    Number    real part      imag. part      magnitude     phase (degrees)
  
                         Space number:            0
  
     1     -0.17036E+00    -0.64659E-04     0.17036E+00    -0.17998E+03
     2     -0.17015E+00    -0.63535E-04     0.17015E+00    -0.17998E+03
     3     -0.16965E+00    -0.62458E-04     0.16965E+00    -0.17998E+03
     4     -0.17015E+00    -0.63535E-04     0.17015E+00    -0.17998E+03
     5     -0.53064E-01     0.44597E-04     0.53064E-01     0.17995E+03
     6     -0.61693E-01     0.12597E-05     0.61693E-01     0.18000E+03
     7     -0.83829E-01    -0.41553E-04     0.83829E-01    -0.17997E+03
     8     -0.61693E-01     0.12597E-05     0.61693E-01     0.18000E+03
     9     -0.52751E-01     0.46584E-04     0.52751E-01     0.17995E+03
    10     -0.61600E-01     0.21135E-05     0.61600E-01     0.18000E+03
    11     -0.83516E-01    -0.39569E-04     0.83516E-01    -0.17997E+03
    12     -0.60855E-01     0.43642E-05     0.60855E-01     0.18000E+03
    13     -0.55867E-01     0.47084E-05     0.55867E-01     0.18000E+03
    14     -0.78027E-01    -0.38097E-04     0.78027E-01    -0.17997E+03
    15     -0.55867E-01     0.47084E-05     0.55867E-01     0.18000E+03
    16     -0.47268E-01     0.48045E-04     0.47268E-01     0.17994E+03
    17     -0.49957E-01     0.77936E-04     0.49957E-01     0.17991E+03
    18     -0.49736E-01     0.79077E-04     0.49736E-01     0.17991E+03
    19     -0.49229E-01     0.80182E-04     0.49229E-01     0.17991E+03
    20     -0.49736E-01     0.79077E-04     0.49736E-01     0.17991E+03
    21     -0.61600E-01     0.21135E-05     0.61600E-01     0.18000E+03
    22     -0.52751E-01     0.46584E-04     0.52751E-01     0.17995E+03
    23     -0.60855E-01     0.43642E-05     0.60855E-01     0.18000E+03
    24     -0.83516E-01    -0.39569E-04     0.83516E-01    -0.17997E+03
 
 CONCEPT Timings:

 Setup equation system (s)...................            0
 Solve equation system (s)...................            0
 Cleanup (s).................................            0
 
 CONCEPT terminated normally.

