 *
 * This is CONCEPT back end, Version 10.0
 *       Single Processor Version
 * (c) Copyright 1984-2011 TUHH E-18
 *
  
  
   The current data file  
   =====================
  
1.1  characterization of the structure                                          
 Testcube - V0 mesh                                                             
2.1   symmetry with respect to the xz plane, yz plane or both                   
     0                                                                          
2.2   number of wires, id. ground, segments per wavelength, coating             
     2     0     8     0                                                        
2.30  wire 1   : coordinates                                                    
    0.0000     0.0000 0.5000         0.0000     0.0000     1.5000               
2.31  wire 1   : radius, no. of basis functions, RB, EP, MY                     
    1.0000    3                                                                 
2.30  wire 2   : coordinates                                                    
    0.0000 0.5000         0.0000     0.0000     1.5000     0.0000               
2.31  wire 2   : radius, no. of basis functions, RB, EP, MY                     
    1.0000    3                                                                 
2.6   check wire grid                                                           
     1                                                                          
3.1  print of currents                                                          
     1                                                                          
3.2  excitation                                                                 
     1                                                                          
3.3  generator position, internal resistance (excitation=1)                     
m2       0.000                                                                  
4.1  representation of frequency(ies) (1-6)                                     
     1                                                                          
4.2  basic frequency                                                            
0.30000000                                                                      
5.1  skin effect (1/0)                                                          
     1                                                                          
5.2  number: conductivity value(s), observation point(s) E tang                 
     1     0                                                                    
5.3  conductivity value(s) in S/m (max. 3 per line)                             
 0.5000E+08                                                                     
5.4  conductivity domain(s)                                                     
        2                                                                       
6.1  number of load impedances                                                  
     0                                                                          
7.1  current distribution on wires                                              
     0                                                                          
7.3  number of currents at discrete points                                      
     0                                                                          
9.0  rcs (0/1)                                                                  
     0                                                                          
9.1  number of field points                                                     
     0                                                                          
10.3  total number of "cable wires"                                             
     0                                                                          
11.1  surface currents (0/1/2/3/4)                                              
     1                                                                          
11.10 check surface grid (0/1)                                                  
     1                                                                          
11.11 physical optics (0/1)                                                     
     0                                                                          
12.1  direct:11,12,13 spec. direct solv.:21,22 iter. solver:31,32,33 aca/svd:41 
    12                                                                          
  
  
  
  Wire types computed by the program: 
  ===========================================
  
  wire number:       1 ,  identification:      15
  wire number:       2 ,  identification:      15
  
  
  
 Wire data
 =========
  
 Connections at the bottom with other and image wires
 -> 0 will be printed.
 Pos. direction of current flow away from node point (kinks).
 -> neg. wire number
 Pos. direction of current flow towards the node point 
 -> pos. wire number
 Connection with surface patch
 -> 55000+number of surface patch is printed
 Wire number:            1
 
 ---------------------------------------------------------------------
      Xa          Ya           Za         Xe          Ye           Ze
     0.000       0.000      0.5000       0.000       0.000       1.500    
 Radius (mm):  1.000       ; no. of basisf. :   3   ; length (m):   1.000    
 Wire number(s) of the connection(s) at the beginning :     10000013
 No connection at the end
  
 Wire number:            2
 
 ---------------------------------------------------------------------
      Xa          Ya           Za         Xe          Ye           Ze
     0.000      0.5000       0.000       0.000       1.500       0.000    
 Radius (mm):  1.000       ; no. of basisf. :   3   ; length (m):   1.000    
 Wire number(s) of the connection(s) at the beginning :     10000001
 No connection at the end
  
 

  Frequency of step:     1           0.30000E+00 MHz; 
  Total number of wire current amplitudes:            6
  Total number of patch current amplitudes:           44
  Total number of unknowns:           50
  
  Generator at the middle of wire   2
  ------------------------------------
  
                          Real part    imag. part      magnitude     phase (degrees)
  Input impedance (Ohm): 0.14806E-01 -0.11421E+06  0.11421E+06 -0.90000E+02

  Internal resist.:   0.0000000E+00  +j   0.0000000E+00  Ohm
  
  Input power:   5.6754325E-13  Watt
  
 
  Current distribution on   1. wire in A (  3 current functions)
  ------------------------------------------------------------
    Real part       imag. part      magnitude     phase (degees)  wire coord. (m)   
 -0.71731E-13    -0.24175E-06     0.24175E-06    -0.90000E+02   0.25000E+00
 -0.56321E-13    -0.18437E-06     0.18437E-06    -0.90000E+02   0.50000E+00
 -0.31802E-13    -0.10282E-06     0.10282E-06    -0.90000E+02   0.75000E+00
 
  Current distribution on   2. wire in A (  3 current functions)
  ------------------------------------------------------------
    Real part       imag. part      magnitude     phase (degees)  wire coord. (m)   
  0.13540E-11     0.82201E-05     0.82201E-05     0.90000E+02   0.25000E+00
  0.11351E-11     0.87558E-05     0.87558E-05     0.90000E+02   0.50000E+00
  0.65119E-12     0.43416E-05     0.43416E-05     0.90000E+02   0.75000E+00
  
  
                          Surface currents (A/m)
                          ----------------------
        Element no.       real part       imag. part     magnitude     phase (degrees)
  
                          Space number:            0
  
     1    25 =>    13   0.32997E-11      0.41416E-06    0.41416E-06    0.90000E+02 Current in A  
     2    25 =>    14  -0.40056E-11     -0.38939E-06    0.38939E-06   -0.90001E+02 Current in A  
     3    25 =>    15   0.32997E-11      0.41416E-06    0.41416E-06    0.90000E+02 Current in A  
     4    25 =>    16  -0.25201E-11     -0.18021E-06    0.18021E-06   -0.90001E+02 Current in A  
     5    26 =>     1  -0.12879E-11     -0.20040E-05    0.20040E-05   -0.90000E+02 Current in A  
     6    26 =>     2   0.98000E-12     -0.20641E-05    0.20641E-05   -0.90000E+02 Current in A  
     7    26 =>     3  -0.20023E-11     -0.19835E-05    0.19835E-05   -0.90000E+02 Current in A  
     8    26 =>     4   0.97998E-12     -0.20641E-05    0.20641E-05   -0.90000E+02 Current in A  
     9    24 =>    23  -0.34805E-11     -0.64064E-06    0.64064E-06   -0.90000E+02               
    10    24 =>     2   0.29198E-11      0.12723E-05    0.12723E-05    0.90000E+02               
    11    24 =>    21  -0.63100E-12     -0.66598E-06    0.66598E-06   -0.90000E+02               
    12    23 =>    15  -0.38659E-11      0.25359E-07    0.25359E-07    0.90009E+02               
    13    23 =>    22   0.20409E-11     -0.32013E-06    0.32013E-06   -0.90000E+02               
    14    22 =>    20   0.14090E-11     -0.23512E-06    0.23512E-06   -0.90000E+02               
    15    22 =>    21   0.14882E-12      0.31873E-06    0.31873E-06    0.90000E+02               
    16    21 =>     6  -0.30387E-12      0.95729E-08    0.95729E-08    0.90002E+02               
    17    20 =>    19   0.20686E-11     -0.52953E-07    0.52953E-07   -0.89998E+02               
    18    20 =>    17   0.63208E-13      0.77435E-08    0.77435E-08    0.90000E+02               
    19    19 =>    16   0.30242E-11      0.12608E-06    0.12608E-06    0.89999E+02               
    20    19 =>    18  -0.20686E-11      0.52953E-07    0.52953E-07    0.90002E+02               
    21    18 =>     9  -0.14090E-11      0.23512E-06    0.23512E-06    0.90000E+02               
    22    18 =>    17   0.63239E-13      0.77435E-08    0.77435E-08    0.90000E+02               
    23    17 =>     5   0.18687E-12      0.21506E-06    0.21506E-06    0.90000E+02               
    24    16 =>    13   0.40350E-12      0.98775E-07    0.98775E-07    0.90000E+02               
    25    16 =>    15   0.40353E-12      0.98775E-07    0.98775E-07    0.90000E+02               
    26    15 =>    14  -0.34977E-12      0.10475E-05    0.10475E-05    0.90000E+02               
    27    14 =>     3  -0.44922E-11      0.14176E-05    0.14176E-05    0.90000E+02               
    28    14 =>    13   0.34974E-12     -0.10475E-05    0.10475E-05   -0.90000E+02               
    29    13 =>    12   0.38659E-11     -0.25359E-07    0.25359E-07   -0.89991E+02               
    30    12 =>     9   0.20409E-11     -0.32013E-06    0.32013E-06   -0.90000E+02               
    31    12 =>    11   0.34805E-11      0.64064E-06    0.64064E-06    0.90000E+02               
    32    11 =>     4   0.29198E-11      0.12723E-05    0.12723E-05    0.90000E+02               
    33    11 =>    10  -0.63094E-12     -0.66598E-06    0.66598E-06   -0.90000E+02               
    34    10 =>     8  -0.30405E-12      0.95729E-08    0.95729E-08    0.90002E+02               
    35    10 =>     9  -0.14881E-12     -0.31873E-06    0.31873E-06   -0.90000E+02               
    36     8 =>     7  -0.19673E-12      0.68111E-06    0.68111E-06    0.90000E+02               
    37     8 =>     5  -0.18143E-12     -0.30621E-06    0.30621E-06   -0.90000E+02               
    38     7 =>     6   0.19690E-12     -0.68111E-06    0.68111E-06   -0.90000E+02               
    39     7 =>     1  -0.26717E-12      0.13130E-05    0.13130E-05    0.90000E+02               
    40     6 =>     5  -0.18135E-12     -0.30621E-06    0.30621E-06   -0.90000E+02               
    41     4 =>     1   0.10560E-11     -0.14377E-07    0.14377E-07   -0.89996E+02               
    42     4 =>     3   0.45478E-11     -0.10068E-06    0.10068E-06   -0.89997E+02               
    43     3 =>     2  -0.45478E-11      0.10068E-06    0.10068E-06    0.90003E+02               
    44     2 =>     1   0.10560E-11     -0.14377E-07    0.14377E-07   -0.89996E+02               
  
  
                         Normal component of E
                         ---------------------
    Number    real part      imag. part      magnitude     phase (degrees)
  
                         Space number:            0
  
     1     -0.17048E+00     0.14774E-07     0.17048E+00     0.18000E+03
     2     -0.17026E+00     0.15033E-07     0.17026E+00     0.18000E+03
     3     -0.16975E+00     0.15094E-07     0.16975E+00     0.18000E+03
     4     -0.17026E+00     0.15031E-07     0.17026E+00     0.18000E+03
     5     -0.52245E-01     0.16695E-07     0.52245E-01     0.18000E+03
     6     -0.61241E-01     0.87257E-08     0.61241E-01     0.18000E+03
     7     -0.83826E-01     0.26780E-08     0.83826E-01     0.18000E+03
     8     -0.61241E-01     0.87831E-08     0.61241E-01     0.18000E+03
     9     -0.51920E-01     0.17043E-07     0.51920E-01     0.18000E+03
    10     -0.61143E-01     0.88373E-08     0.61143E-01     0.18000E+03
    11     -0.83500E-01     0.30003E-08     0.83500E-01     0.18000E+03
    12     -0.60394E-01     0.92018E-08     0.60394E-01     0.18000E+03
    13     -0.55443E-01     0.80329E-08     0.55443E-01     0.18000E+03
    14     -0.78032E-01     0.19397E-08     0.78032E-01     0.18000E+03
    15     -0.55443E-01     0.80451E-08     0.55443E-01     0.18000E+03
    16     -0.46453E-01     0.15966E-07     0.46453E-01     0.18000E+03
    17     -0.48917E-01     0.23356E-07     0.48917E-01     0.18000E+03
    18     -0.48688E-01     0.23574E-07     0.48688E-01     0.18000E+03
    19     -0.48165E-01     0.23673E-07     0.48165E-01     0.18000E+03
    20     -0.48688E-01     0.23575E-07     0.48688E-01     0.18000E+03
    21     -0.61143E-01     0.88880E-08     0.61143E-01     0.18000E+03
    22     -0.51920E-01     0.17043E-07     0.51920E-01     0.18000E+03
    23     -0.60394E-01     0.91676E-08     0.60394E-01     0.18000E+03
    24     -0.83500E-01     0.30008E-08     0.83500E-01     0.18000E+03
 
 CONCEPT Timings:

 Setup equation system (s)...................            0
 Solve equation system (s)...................            0
 Cleanup (s).................................            0
 
 CONCEPT terminated normally.

