 *
 * This is CONCEPT back end, Version 10.0
 *       Single Processor Version
 * (c) Copyright 1984-2011 TUHH E-18
 *
  
  
   The current data file  
   =====================
  
1.1  characterization of the structure                                          
 SOGrid_RED_P_1_mm: single heatshield plate                                     
2.1   symmetry with respect to the xz plane, yz plane or both                   
     0                                                                          
2.2   number of wires, id. ground, segments per wavelength, coating             
     3     0     8     0                                                        
2.30  wire 1   : coordinates                                                    
    1.4119     0.0000     2.2335     1.4119     0.0000     2.2435               
2.31  wire 1   : radius, no. of basis functions, RB, EP, MY                     
    1.0000    3                                                                 
2.30  wire 2   : coordinates                                                    
    1.4119     2.2076    -1.8466     1.4119     2.2157    -1.8523               
2.31  wire 2   : radius, no. of basis functions, RB, EP, MY                     
    1.0000    3                                                                 
2.30  wire 3   : coordinates                                                    
    1.4119    -2.1976    -1.8466     1.4119    -2.2058    -1.8523               
2.31  wire 3   : radius, no. of basis functions, RB, EP, MY                     
    1.0000    3                                                                 
2.6   check wire grid                                                           
     1                                                                          
3.1  print of currents                                                          
     1                                                                          
3.2  excitation                                                                 
     1                                                                          
3.3  generator position, internal resistance (excitation=1)                     
m1       0.000                                                                  
4.1  representation of frequency(ies) (1-6)                                     
     1                                                                          
4.2  basic frequency                                                            
0.40000000                                                                      
5.1  skin effect (1/0)                                                          
     1                                                                          
5.2  number: conductivity value(s), observation point(s) E tang                 
     1     0                                                                    
5.3  conductivity value(s) in S/m (max. 3 per line)                             
 0.5000E+08                                                                     
5.4  conductivity domain(s)                                                     
        3                                                                       
6.1  number of load impedances                                                  
     0                                                                          
7.1  current distribution on wires                                              
     0                                                                          
7.3  number of currents at discrete points                                      
     0                                                                          
9.0  rcs (0/1)                                                                  
     0                                                                          
9.1  number of field points                                                     
     0                                                                          
10.3  total number of "cable wires"                                             
     0                                                                          
11.1  surface currents (0/1/2/3/4)                                              
     1                                                                          
11.10 check surface grid (0/1)                                                  
     1                                                                          
11.11 physical optics (0/1)                                                     
     0                                                                          
12.1  direct:11,12,13 spec. direct solv.:21,22 iter. solver:31,32,33 aca/svd:41 
    12                                                                          
  
  
  
  Wire types computed by the program: 
  ===========================================
  
  wire number:       1 ,  identification:      26
  wire number:       2 ,  identification:      26
  wire number:       3 ,  identification:      26
  
  
  
 Wire data
 =========
  
 Connections at the bottom with other and image wires
 -> 0 will be printed.
 Pos. direction of current flow away from node point (kinks).
 -> neg. wire number
 Pos. direction of current flow towards the node point 
 -> pos. wire number
 Connection with surface patch
 -> 55000+number of surface patch is printed
 Wire number:            1
 
 ---------------------------------------------------------------------
      Xa          Ya           Za         Xe          Ye           Ze
     1.412      0.1689E-15   2.233       1.412     -0.1400E-15   2.244    
 Radius (mm):  1.000       ; no. of basisf. :   3   ; length (m):  0.1000E-01
 Wire number(s) of the connection(s) at the beginning :     10007249
 Wire number(s) of the connection(s) at the end:     10007213
  
 Wire number:            2
 
 ---------------------------------------------------------------------
      Xa          Ya           Za         Xe          Ye           Ze
     1.412       2.208      -1.847       1.412       2.216      -1.852    
 Radius (mm):  1.000       ; no. of basisf. :   3   ; length (m):  0.1000E-01
 Wire number(s) of the connection(s) at the beginning :     10007420
 Wire number(s) of the connection(s) at the end:     10007231
  
 Wire number:            3
 
 ---------------------------------------------------------------------
      Xa          Ya           Za         Xe          Ye           Ze
     1.412      -2.198      -1.847       1.412      -2.206      -1.852    
 Radius (mm):  1.000       ; no. of basisf. :   3   ; length (m):  0.1000E-01
 Wire number(s) of the connection(s) at the beginning :     10007468
 Wire number(s) of the connection(s) at the end:     10007243
  
 

  Frequency of step:     1           0.40000E+00 MHz; 
  Total number of wire current amplitudes:            9
  Total number of patch current amplitudes:        15451
  Total number of unknowns:        15460
